C51 COMPILER V9.56.0.0   DEFINE                                                            10/10/2021 11:30:27 PAGE 1   


C51 COMPILER V9.56.0.0, COMPILATION OF MODULE DEFINE
OBJECT MODULE PLACED IN DEFINE.OBJ
COMPILER INVOKED BY: D:\Keil_v5\C51\BIN\C51.EXE DEFINE.c OPTIMIZE(9,SIZE) BROWSE INCDIR(.\Drivers) DEBUG OBJECTEXTEND TA
                    -BS(2)

line level    source

   1          
   2          #include "DEFINE.H"
   3          
   4          
   5            bit SystemStart_Flag;
   6           volatile struct setData SetData;
   7          volatile struct runData RunData;
   8          
   9          
  10          
  11          
  12          


MODULE INFORMATION:   STATIC OVERLAYABLE
   CODE SIZE        =   ----    ----
   CONSTANT SIZE    =   ----    ----
   XDATA SIZE       =   ----    ----
   PDATA SIZE       =   ----    ----
   DATA SIZE        =     25    ----
   IDATA SIZE       =   ----    ----
   BIT SIZE         =      1    ----
END OF MODULE INFORMATION.


C51 COMPILATION COMPLETE.  0 WARNING(S),  0 ERROR(S)
